[2026-08-21 00:15:08] local.ERROR: SQLSTATE[HY000] [2002] Connection refused (Connection: mysql, SQL: select * from `news` where `is_visible` = 1 order by `updated_at` desc limit 10) {"exception":"[object] (Illuminate\\Database\\QueryException(code: 2002): SQLSTATE[HY000] [2002] Connection refused (Connection: mysql, SQL: select * from `news` where `is_visible` = 1 order by `updated_at` desc limit 10) at /mnt/c/xampp/htdocs/squibislands/vendor/laravel/framework/src/Illuminate/Database/Connection.php:829)
[stacktrace]
#0 /mnt/c/xampp/htdocs/squibislands/vendor/laravel/framework/src/Illuminate/Database/Connection.php(983): Illuminate\\Database\\Connection->runQueryCallback()
#1 /mnt/c/xampp/htdocs/squibislands/vendor/laravel/framework/src/Illuminate/Database/Connection.php(962): Illuminate\\Database\\Connection->tryAgainIfCausedByLostConnection()
#2 /mnt/c/xampp/htdocs/squibislands/vendor/laravel/framework/src/Illuminate/Database/Connection.php(785): Illuminate\\Database\\Connection->handleQueryException()
#3 /mnt/c/xampp/htdocs/squibislands/vendor/laravel/framework/src/Illuminate/Database/Connection.php(414): Illuminate\\Database\\Connection->run()
#4 /mnt/c/xampp/htdocs/squibislands/vendor/laravel/framework/src/Illuminate/Database/Query/Builder.php(2913): Illuminate\\Database\\Connection->select()
#5 /mnt/c/xampp/htdocs/squibislands/vendor/laravel/framework/src/Illuminate/Database/Query/Builder.php(2902): Illuminate\\Database\\Query\\Builder->runSelect()
#6 /mnt/c/xampp/htdocs/squibislands/vendor/laravel/framework/src/Illuminate/Database/Query/Builder.php(3456): Illuminate\\Database\\Query\\Builder->Illuminate\\Database\\Query\\{closure}()
#7 /mnt/c/xampp/htdocs/squibislands/vendor/laravel/framework/src/Illuminate/Database/Query/Builder.php(2901): Illuminate\\Database\\Query\\Builder->onceWithColumns()
#8 /mnt/c/xampp/htdocs/squibislands/vendor/laravel/framework/src/Illuminate/Database/Eloquent/Builder.php(739): Illuminate\\Database\\Query\\Builder->get()
#9 /mnt/c/xampp/htdocs/squibislands/vendor/laravel/framework/src/Illuminate/Database/Eloquent/Builder.php(723): Illuminate\\Database\\Eloquent\\Builder->getModels()
#10 /mnt/c/xampp/htdocs/squibislands/app/Http/Controllers/NewsController.php(23): Illuminate\\Database\\Eloquent\\Builder->get()
#11 [internal function]: App\\Http\\Controllers\\NewsController->__construct()
#12 /mnt/c/xampp/htdocs/squibislands/vendor/laravel/framework/src/Illuminate/Container/Container.php(952): ReflectionClass->newInstanceArgs()
#13 /mnt/c/xampp/htdocs/squibislands/vendor/laravel/framework/src/Illuminate/Container/Container.php(795): Illuminate\\Container\\Container->build()
#14 /mnt/c/xampp/htdocs/squibislands/vendor/laravel/framework/src/Illuminate/Foundation/Application.php(986): Illuminate\\Container\\Container->resolve()
#15 /mnt/c/xampp/htdocs/squibislands/vendor/laravel/framework/src/Illuminate/Container/Container.php(731): Illuminate\\Foundation\\Application->resolve()
#16 /mnt/c/xampp/htdocs/squibislands/vendor/laravel/framework/src/Illuminate/Foundation/Application.php(971): Illuminate\\Container\\Container->make()
#17 /mnt/c/xampp/htdocs/squibislands/vendor/laravel/framework/src/Illuminate/Routing/Route.php(278): Illuminate\\Foundation\\Application->make()
#18 /mnt/c/xampp/htdocs/squibislands/vendor/laravel/framework/src/Illuminate/Routing/Route.php(1104): Illuminate\\Routing\\Route->getController()
#19 /mnt/c/xampp/htdocs/squibislands/vendor/laravel/framework/src/Illuminate/Routing/Route.php(1035): Illuminate\\Routing\\Route->controllerMiddleware()
#20 /mnt/c/xampp/htdocs/squibislands/vendor/laravel/framework/src/Illuminate/Routing/Router.php(818): Illuminate\\Routing\\Route->gatherMiddleware()
#21 /mnt/c/xampp/htdocs/squibislands/vendor/laravel/framework/src/Illuminate/Foundation/Console/RouteListCommand.php(201): Illuminate\\Routing\\Router->gatherRouteMiddleware()
#22 /mnt/c/xampp/htdocs/squibislands/vendor/laravel/framework/src/Illuminate/Foundation/Console/RouteListCommand.php(146): Illuminate\\Foundation\\Console\\RouteListCommand->getMiddleware()
#23 /mnt/c/xampp/htdocs/squibislands/vendor/laravel/framework/src/Illuminate/Foundation/Console/RouteListCommand.php(116): Illuminate\\Foundation\\Console\\RouteListCommand->getRouteInformation()
#24 [internal function]: Illuminate\\Foundation\\Console\\RouteListCommand->Illuminate\\Foundation\\Console\\{closure}()
#25 /mnt/c/xampp/htdocs/squibislands/vendor/laravel/framework/src/Illuminate/Collections/Arr.php(600): array_map()
#26 /mnt/c/xampp/htdocs/squibislands/vendor/laravel/framework/src/Illuminate/Collections/Collection.php(778): Illuminate\\Support\\Arr::map()
#27 /mnt/c/xampp/htdocs/squibislands/vendor/laravel/framework/src/Illuminate/Foundation/Console/RouteListCommand.php(115): Illuminate\\Support\\Collection->map()
#28 /mnt/c/xampp/htdocs/squibislands/vendor/laravel/framework/src/Illuminate/Foundation/Console/RouteListCommand.php(101): Illuminate\\Foundation\\Console\\RouteListCommand->getRoutes()
#29 /mnt/c/xampp/htdocs/squibislands/vendor/laravel/framework/src/Illuminate/Container/BoundMethod.php(36): Illuminate\\Foundation\\Console\\RouteListCommand->handle()
#30 /mnt/c/xampp/htdocs/squibislands/vendor/laravel/framework/src/Illuminate/Container/Util.php(41): Illuminate\\Container\\BoundMethod::Illuminate\\Container\\{closure}()
#31 /mnt/c/xampp/htdocs/squibislands/vendor/laravel/framework/src/Illuminate/Container/BoundMethod.php(93): Illuminate\\Container\\Util::unwrapIfClosure()
#32 /mnt/c/xampp/htdocs/squibislands/vendor/laravel/framework/src/Illuminate/Container/BoundMethod.php(35): Illuminate\\Container\\BoundMethod::callBoundMethod()
#33 /mnt/c/xampp/htdocs/squibislands/vendor/laravel/framework/src/Illuminate/Container/Container.php(662): Illuminate\\Container\\BoundMethod::call()
#34 /mnt/c/xampp/htdocs/squibislands/vendor/laravel/framework/src/Illuminate/Console/Command.php(211): Illuminate\\Container\\Container->call()
#35 /mnt/c/xampp/htdocs/squibislands/vendor/symfony/console/Command/Command.php(326): Illuminate\\Console\\Command->execute()
#36 /mnt/c/xampp/htdocs/squibislands/vendor/laravel/framework/src/Illuminate/Console/Command.php(180): Symfony\\Component\\Console\\Command\\Command->run()
#37 /mnt/c/xampp/htdocs/squibislands/vendor/symfony/console/Application.php(1121): Illuminate\\Console\\Command->run()
#38 /mnt/c/xampp/htdocs/squibislands/vendor/symfony/console/Application.php(324): Symfony\\Component\\Console\\Application->doRunCommand()
#39 /mnt/c/xampp/htdocs/squibislands/vendor/symfony/console/Application.php(175): Symfony\\Component\\Console\\Application->doRun()
#40 /mnt/c/xampp/htdocs/squibislands/vendor/laravel/framework/src/Illuminate/Foundation/Console/Kernel.php(201): Symfony\\Component\\Console\\Application->run()
#41 /mnt/c/xampp/htdocs/squibislands/artisan(35): Illuminate\\Foundation\\Console\\Kernel->handle()
#42 {main}

[previous exception] [object] (PDOException(code: 2002): SQLSTATE[HY000] [2002] Connection refused at /mnt/c/xampp/htdocs/squibislands/vendor/laravel/framework/src/Illuminate/Database/Connectors/Connector.php:65)
[stacktrace]
#0 /mnt/c/xampp/htdocs/squibislands/vendor/laravel/framework/src/Illuminate/Database/Connectors/Connector.php(65): PDO->__construct()
#1 /mnt/c/xampp/htdocs/squibislands/vendor/laravel/framework/src/Illuminate/Database/Connectors/Connector.php(83): Illuminate\\Database\\Connectors\\Connector->createPdoConnection()
#2 /mnt/c/xampp/htdocs/squibislands/vendor/laravel/framework/src/Illuminate/Database/Connectors/Connector.php(48): Illuminate\\Database\\Connectors\\Connector->tryAgainIfCausedByLostConnection()
#3 /mnt/c/xampp/htdocs/squibislands/vendor/laravel/framework/src/Illuminate/Database/Connectors/MySqlConnector.php(24): Illuminate\\Database\\Connectors\\Connector->createConnection()
#4 /mnt/c/xampp/htdocs/squibislands/vendor/laravel/framework/src/Illuminate/Database/Connectors/ConnectionFactory.php(184): Illuminate\\Database\\Connectors\\MySqlConnector->connect()
#5 [internal function]: Illuminate\\Database\\Connectors\\ConnectionFactory->Illuminate\\Database\\Connectors\\{closure}()
#6 /mnt/c/xampp/htdocs/squibislands/vendor/laravel/framework/src/Illuminate/Database/Connection.php(1339): call_user_func()
#7 /mnt/c/xampp/htdocs/squibislands/vendor/laravel/framework/src/Illuminate/Database/Connection.php(1375): Illuminate\\Database\\Connection->getPdo()
#8 /mnt/c/xampp/htdocs/squibislands/vendor/laravel/framework/src/Illuminate/Database/Connection.php(528): Illuminate\\Database\\Connection->getReadPdo()
#9 /mnt/c/xampp/htdocs/squibislands/vendor/laravel/framework/src/Illuminate/Database/Connection.php(423): Illuminate\\Database\\Connection->getPdoForSelect()
#10 /mnt/c/xampp/htdocs/squibislands/vendor/laravel/framework/src/Illuminate/Database/Connection.php(816): Illuminate\\Database\\Connection->Illuminate\\Database\\{closure}()
#11 /mnt/c/xampp/htdocs/squibislands/vendor/laravel/framework/src/Illuminate/Database/Connection.php(983): Illuminate\\Database\\Connection->runQueryCallback()
#12 /mnt/c/xampp/htdocs/squibislands/vendor/laravel/framework/src/Illuminate/Database/Connection.php(962): Illuminate\\Database\\Connection->tryAgainIfCausedByLostConnection()
#13 /mnt/c/xampp/htdocs/squibislands/vendor/laravel/framework/src/Illuminate/Database/Connection.php(785): Illuminate\\Database\\Connection->handleQueryException()
#14 /mnt/c/xampp/htdocs/squibislands/vendor/laravel/framework/src/Illuminate/Database/Connection.php(414): Illuminate\\Database\\Connection->run()
#15 /mnt/c/xampp/htdocs/squibislands/vendor/laravel/framework/src/Illuminate/Database/Query/Builder.php(2913): Illuminate\\Database\\Connection->select()
#16 /mnt/c/xampp/htdocs/squibislands/vendor/laravel/framework/src/Illuminate/Database/Query/Builder.php(2902): Illuminate\\Database\\Query\\Builder->runSelect()
#17 /mnt/c/xampp/htdocs/squibislands/vendor/laravel/framework/src/Illuminate/Database/Query/Builder.php(3456): Illuminate\\Database\\Query\\Builder->Illuminate\\Database\\Query\\{closure}()
#18 /mnt/c/xampp/htdocs/squibislands/vendor/laravel/framework/src/Illuminate/Database/Query/Builder.php(2901): Illuminate\\Database\\Query\\Builder->onceWithColumns()
#19 /mnt/c/xampp/htdocs/squibislands/vendor/laravel/framework/src/Illuminate/Database/Eloquent/Builder.php(739): Illuminate\\Database\\Query\\Builder->get()
#20 /mnt/c/xampp/htdocs/squibislands/vendor/laravel/framework/src/Illuminate/Database/Eloquent/Builder.php(723): Illuminate\\Database\\Eloquent\\Builder->getModels()
#21 /mnt/c/xampp/htdocs/squibislands/app/Http/Controllers/NewsController.php(23): Illuminate\\Database\\Eloquent\\Builder->get()
#22 [internal function]: App\\Http\\Controllers\\NewsController->__construct()
#23 /mnt/c/xampp/htdocs/squibislands/vendor/laravel/framework/src/Illuminate/Container/Container.php(952): ReflectionClass->newInstanceArgs()
#24 /mnt/c/xampp/htdocs/squibislands/vendor/laravel/framework/src/Illuminate/Container/Container.php(795): Illuminate\\Container\\Container->build()
#25 /mnt/c/xampp/htdocs/squibislands/vendor/laravel/framework/src/Illuminate/Foundation/Application.php(986): Illuminate\\Container\\Container->resolve()
#26 /mnt/c/xampp/htdocs/squibislands/vendor/laravel/framework/src/Illuminate/Container/Container.php(731): Illuminate\\Foundation\\Application->resolve()
#27 /mnt/c/xampp/htdocs/squibislands/vendor/laravel/framework/src/Illuminate/Foundation/Application.php(971): Illuminate\\Container\\Container->make()
#28 /mnt/c/xampp/htdocs/squibislands/vendor/laravel/framework/src/Illuminate/Routing/Route.php(278): Illuminate\\Foundation\\Application->make()
#29 /mnt/c/xampp/htdocs/squibislands/vendor/laravel/framework/src/Illuminate/Routing/Route.php(1104): Illuminate\\Routing\\Route->getController()
#30 /mnt/c/xampp/htdocs/squibislands/vendor/laravel/framework/src/Illuminate/Routing/Route.php(1035): Illuminate\\Routing\\Route->controllerMiddleware()
#31 /mnt/c/xampp/htdocs/squibislands/vendor/laravel/framework/src/Illuminate/Routing/Router.php(818): Illuminate\\Routing\\Route->gatherMiddleware()
#32 /mnt/c/xampp/htdocs/squibislands/vendor/laravel/framework/src/Illuminate/Foundation/Console/RouteListCommand.php(201): Illuminate\\Routing\\Router->gatherRouteMiddleware()
#33 /mnt/c/xampp/htdocs/squibislands/vendor/laravel/framework/src/Illuminate/Foundation/Console/RouteListCommand.php(146): Illuminate\\Foundation\\Console\\RouteListCommand->getMiddleware()
#34 /mnt/c/xampp/htdocs/squibislands/vendor/laravel/framework/src/Illuminate/Foundation/Console/RouteListCommand.php(116): Illuminate\\Foundation\\Console\\RouteListCommand->getRouteInformation()
#35 [internal function]: Illuminate\\Foundation\\Console\\RouteListCommand->Illuminate\\Foundation\\Console\\{closure}()
#36 /mnt/c/xampp/htdocs/squibislands/vendor/laravel/framework/src/Illuminate/Collections/Arr.php(600): array_map()
#37 /mnt/c/xampp/htdocs/squibislands/vendor/laravel/framework/src/Illuminate/Collections/Collection.php(778): Illuminate\\Support\\Arr::map()
#38 /mnt/c/xampp/htdocs/squibislands/vendor/laravel/framework/src/Illuminate/Foundation/Console/RouteListCommand.php(115): Illuminate\\Support\\Collection->map()
#39 /mnt/c/xampp/htdocs/squibislands/vendor/laravel/framework/src/Illuminate/Foundation/Console/RouteListCommand.php(101): Illuminate\\Foundation\\Console\\RouteListCommand->getRoutes()
#40 /mnt/c/xampp/htdocs/squibislands/vendor/laravel/framework/src/Illuminate/Container/BoundMethod.php(36): Illuminate\\Foundation\\Console\\RouteListCommand->handle()
#41 /mnt/c/xampp/htdocs/squibislands/vendor/laravel/framework/src/Illuminate/Container/Util.php(41): Illuminate\\Container\\BoundMethod::Illuminate\\Container\\{closure}()
#42 /mnt/c/xampp/htdocs/squibislands/vendor/laravel/framework/src/Illuminate/Container/BoundMethod.php(93): Illuminate\\Container\\Util::unwrapIfClosure()
#43 /mnt/c/xampp/htdocs/squibislands/vendor/laravel/framework/src/Illuminate/Container/BoundMethod.php(35): Illuminate\\Container\\BoundMethod::callBoundMethod()
#44 /mnt/c/xampp/htdocs/squibislands/vendor/laravel/framework/src/Illuminate/Container/Container.php(662): Illuminate\\Container\\BoundMethod::call()
#45 /mnt/c/xampp/htdocs/squibislands/vendor/laravel/framework/src/Illuminate/Console/Command.php(211): Illuminate\\Container\\Container->call()
#46 /mnt/c/xampp/htdocs/squibislands/vendor/symfony/console/Command/Command.php(326): Illuminate\\Console\\Command->execute()
#47 /mnt/c/xampp/htdocs/squibislands/vendor/laravel/framework/src/Illuminate/Console/Command.php(180): Symfony\\Component\\Console\\Command\\Command->run()
#48 /mnt/c/xampp/htdocs/squibislands/vendor/symfony/console/Application.php(1121): Illuminate\\Console\\Command->run()
#49 /mnt/c/xampp/htdocs/squibislands/vendor/symfony/console/Application.php(324): Symfony\\Component\\Console\\Application->doRunCommand()
#50 /mnt/c/xampp/htdocs/squibislands/vendor/symfony/console/Application.php(175): Symfony\\Component\\Console\\Application->doRun()
#51 /mnt/c/xampp/htdocs/squibislands/vendor/laravel/framework/src/Illuminate/Foundation/Console/Kernel.php(201): Symfony\\Component\\Console\\Application->run()
#52 /mnt/c/xampp/htdocs/squibislands/artisan(35): Illuminate\\Foundation\\Console\\Kernel->handle()
#53 {main}
"} 
